ASxxxx Linker V03.00 + NoICE + sdld,  page 1.
Hexadecimal  [32-Bits]

Area                                    Addr        Size        Decimal Bytes (Attributes)
--------------------------------        ----        ----        ------- ----- ------------
.  .ABS.                            00000000    00000000 =           0. bytes (ABS,CON)

      Value  Global                              Global Defined In Module
      -----  --------------------------------   ------------------------
     00000000  .__.ABS.                           cpct_strings
     00000000  l__CABS                         
     00000000  l__DABS                         
     00000000  l__GSFINAL                      
     00000000  l__GSINIT                       
     00000000  l__HOME                         
     00000000  s__CABS                         
     00000000  s__DABS                         
     00000004  l__INITIALIZED                  
     00000004  l__INITIALIZER                  
     0000030F  l__DATA                         
     00003256  l__CODE                         
     00004000  s__CODE                         
     00007256  s__DATA                         
     00007565  s__INITIALIZED                  
     00007569  s__GSFINAL                      
     00007569  s__GSINIT                       
     00007569  s__HOME                         
     00007569  s__INITIALIZER                  

ASxxxx Linker V03.00 + NoICE + sdld,  page 2.
Hexadecimal  [32-Bits]

Area                                    Addr        Size        Decimal Bytes (Attributes)
--------------------------------        ----        ----        ------- ----- ------------
_CODE                               00004000    00003256 =       12886. bytes (REL,CON)

      Value  Global                              Global Defined In Module
      -----  --------------------------------   ------------------------
     00004000  _g_tilemap_l02_blocks              level_02_blocks
     000042D8  _g_tilemap_l02_background          level_02_background
     000048B4  _g_tilemap_l01_blocks              level_01_blocks
     00004B8C  _g_tilemap_l01_background          level_01_background
     00005168  _g_tileset                         tiles
     00005258  _g_tiles_000                       tiles
     00005260  _g_tiles_001                       tiles
     00005268  _g_tiles_002                       tiles
     00005270  _g_tiles_003                       tiles
     00005278  _g_tiles_004                       tiles
     00005280  _g_tiles_005                       tiles
     00005288  _g_tiles_006                       tiles
     00005290  _g_tiles_007                       tiles
     00005298  _g_tiles_008                       tiles
     000052A0  _g_tiles_009                       tiles
     000052A8  _g_tiles_010                       tiles
     000052B0  _g_tiles_011                       tiles
     000052B8  _g_tiles_012                       tiles
     000052C0  _g_tiles_013                       tiles
     000052C8  _g_tiles_014                       tiles
     000052D0  _g_tiles_015                       tiles
     000052D8  _g_tiles_016                       tiles
     000052E0  _g_tiles_017                       tiles
     000052E8  _g_tiles_018                       tiles
     000052F0  _g_tiles_019                       tiles
     000052F8  _g_tiles_020                       tiles
     00005300  _g_tiles_021                       tiles
     00005308  _g_tiles_022                       tiles
     00005310  _g_tiles_023                       tiles
     00005318  _g_tiles_024                       tiles
     00005320  _g_tiles_025                       tiles
     00005328  _g_tiles_026                       tiles
     00005330  _g_tiles_027                       tiles
     00005338  _g_tiles_028                       tiles
     00005340  _g_tiles_029                       tiles
     00005348  _g_tiles_030                       tiles
     00005350  _g_tiles_031                       tiles
     00005358  _g_tiles_032                       tiles
     00005360  _g_tiles_033                       tiles
     00005368  _g_tiles_034                       tiles
     00005370  _g_tiles_035                       tiles
     00005378  _g_tiles_036                       tiles
     00005380  _g_tiles_037                       tiles
     00005388  _g_tiles_038                       tiles
     00005390  _g_tiles_039                       tiles
     00005398  _g_tiles_040                       tiles
     000053A0  _g_tiles_041                       tiles
     000053A8  _g_tiles_042                       tiles
     000053B0  _g_tiles_043                       tiles
     000053B8  _g_tiles_044                       tiles
ASxxxx Linker V03.00 + NoICE + sdld,  page 3.
Hexadecimal  [32-Bits]

Area                                    Addr        Size        Decimal Bytes (Attributes)
--------------------------------        ----        ----        ------- ----- ------------
_CODE                               00004000    00003256 =       12886. bytes (REL,CON)

      Value  Global                              Global Defined In Module
      -----  --------------------------------   ------------------------
     000053C0  _g_tiles_045                       tiles
     000053C8  _g_tiles_046                       tiles
     000053D0  _g_tiles_047                       tiles
     000053D8  _g_tiles_048                       tiles
     000053E0  _g_tiles_049                       tiles
     000053E8  _g_tiles_050                       tiles
     000053F0  _g_tiles_051                       tiles
     000053F8  _g_tiles_052                       tiles
     00005400  _g_tiles_053                       tiles
     00005408  _g_tiles_054                       tiles
     00005410  _g_tiles_055                       tiles
     00005418  _g_tiles_056                       tiles
     00005420  _g_tiles_057                       tiles
     00005428  _g_tiles_058                       tiles
     00005430  _g_tiles_059                       tiles
     00005438  _g_tiles_060                       tiles
     00005440  _g_tiles_061                       tiles
     00005448  _g_tiles_062                       tiles
     00005450  _g_tiles_063                       tiles
     00005458  _g_tiles_064                       tiles
     00005460  _g_tiles_065                       tiles
     00005468  _g_tiles_066                       tiles
     00005470  _g_tiles_067                       tiles
     00005478  _g_tiles_068                       tiles
     00005480  _g_tiles_069                       tiles
     00005488  _g_tiles_070                       tiles
     00005490  _g_tiles_071                       tiles
     00005498  _g_tiles_072                       tiles
     000054A0  _g_tiles_073                       tiles
     000054A8  _g_tiles_074                       tiles
     000054B0  _g_tiles_075                       tiles
     000054B8  _g_tiles_076                       tiles
     000054C0  _g_tiles_077                       tiles
     000054C8  _g_tiles_078                       tiles
     000054D0  _g_tiles_079                       tiles
     000054D8  _g_tiles_080                       tiles
     000054E0  _g_tiles_081                       tiles
     000054E8  _g_tiles_082                       tiles
     000054F0  _g_tiles_083                       tiles
     000054F8  _g_tiles_084                       tiles
     00005500  _g_tiles_085                       tiles
     00005508  _g_tiles_086                       tiles
     00005510  _g_tiles_087                       tiles
     00005518  _g_tiles_088                       tiles
     00005520  _g_tiles_089                       tiles
     00005528  _g_tiles_090                       tiles
     00005530  _g_tiles_091                       tiles
     00005538  _g_tiles_092                       tiles
     00005540  _g_tiles_093                       tiles
     00005548  _g_tiles_094                       tiles
     00005550  _g_tiles_095                       tiles
ASxxxx Linker V03.00 + NoICE + sdld,  page 4.
Hexadecimal  [32-Bits]

Area                                    Addr        Size        Decimal Bytes (Attributes)
--------------------------------        ----        ----        ------- ----- ------------
_CODE                               00004000    00003256 =       12886. bytes (REL,CON)

      Value  Global                              Global Defined In Module
      -----  --------------------------------   ------------------------
     00005558  _g_tiles_096                       tiles
     00005560  _g_tiles_097                       tiles
     00005568  _g_tiles_098                       tiles
     00005570  _g_tiles_099                       tiles
     00005578  _g_tiles_100                       tiles
     00005580  _g_tiles_101                       tiles
     00005588  _g_tiles_102                       tiles
     00005590  _g_tiles_103                       tiles
     00005598  _g_tiles_104                       tiles
     000055A0  _g_tiles_105                       tiles
     000055A8  _g_tiles_106                       tiles
     000055B0  _g_tiles_107                       tiles
     000055B8  _g_tiles_108                       tiles
     000055C0  _g_tiles_109                       tiles
     000055C8  _g_tiles_110                       tiles
     000055D0  _g_tiles_111                       tiles
     000055D8  _g_tiles_112                       tiles
     000055E0  _g_tiles_113                       tiles
     000055E8  _g_tiles_114                       tiles
     000055F0  _g_tiles_115                       tiles
     000055F8  _g_tiles_116                       tiles
     00005600  _g_tiles_117                       tiles
     00005608  _g_tiles_118                       tiles
     00005610  _g_tiles_119                       tiles
     00005618  _sp_logo                           annoyed
     0000601D  _sp_ball                           ball
     0000602F  _sp_bat_right                      bat_right
     0000603F  _sp_bat_mid                        bat_mid
     0000604F  _sp_bat_left                       bat_left
     0000605F  _g_palette                         g_palette
     0000606F  _auto_initialize                   autoplay
     00006075  _auto_update                       autoplay
     000060D6  _background_initialize             background
     000060FD  _background_restore                background
     00006191  _balls_initialize                  balls
     000061DF  _balls_update                      balls
     0000622D  _balls_restore_background          balls
     00006271  _balls_draw                        balls
     0000629F  _balls_get_first_active            balls
     000062D3  _center_ball                       balls
     00006316  _update_ball                       balls
     0000635B  _move_ball_x                       balls
     000063AF  _move_ball_y                       balls
     0000641D  _check_bat_collision               balls
     000064B4  _bat_initialize                    bat
     000064C9  _bat_update                        bat
     00006510  _bat_restore_background            bat
     00006529  _bat_draw                          bat
     00006581  _blocks_initialize                 blocks
     000065BB  _blocks_draw                       blocks
     000065BC  _blocks_restore_background         blocks
ASxxxx Linker V03.00 + NoICE + sdld,  page 5.
Hexadecimal  [32-Bits]

Area                                    Addr        Size        Decimal Bytes (Attributes)
--------------------------------        ----        ----        ------- ----- ------------
_CODE                               00004000    00003256 =       12886. bytes (REL,CON)

      Value  Global                              Global Defined In Module
      -----  --------------------------------   ------------------------
     000065BD  _blocks_intersect_ball             blocks
     000067A4  _map_tiles_to_meta                 blocks
     0000696C  _plant_tile_meta                   blocks
     000069B1  _dbg_displayNumber                 debug
     00006A31  _game_initialize                   game
     00006A4B  _game_draw                         game
     00006A4E  _game_update                       game
     00006A5E  _module_game_initialize            game
     00006A71  _initialise_level                  game
     00006A86  _level_definitions                 globals
     00006A92  _keys_initialize                   keys
     00006A95  _keys_resetAllKeys                 keys
     00006AAF  _keys_update                       keys
     00006B24  _level_initialize                  level
     00006B44  _level_draw                        level
     00006B56  _level_update                      level
     00006B89  _initializeCpc                     main
     00006BA4  _main                              main
     00006BBE  _play_scene                        main
     00006C16  _menu_initialize                   menu
     00006C6C  _fg_pens                           menu
     00006CA3  _menu_draw                         menu
     00006CDE  _menu_update                       menu
     00006D18  _module_menu_initialize            menu
     00006D2B  _menu_print_message                menu
     00006D5A  _cpct_setPalette                   cpct_video
     00006D71  _cpct_isKeyPressed                 cpct_keyboard
     00006D71  cpct_isKeyPressed_asm              cpct_keyboard
     00006D7D  _cpct_scanKeyboard_f               cpct_keyboard
     00006D7D  cpct_scanKeyboard_f_asm            cpct_keyboard
     00006DE7  _cpct_setPALColour                 cpct_video
     00006DF3  _cpct_drawStringM0                 cpct_strings
     00006E2D  cpct_drawCharM0_inner_asm          cpct_strings
     00006E8D  dc_2pxtableM0                      cpct_strings
     00006E91  _cpct_drawSprite                   cpct_sprites
     00006F36  _cpct_etm_drawTileBox2x4           cpct_easytilemaps
     00006FC5  _cpct_drawCharM0                   cpct_strings
     00006FE8  _cpct_etm_setTileset2x4            cpct_easytilemaps
     00006FE8  cpct_etm_setTileset2x4_asm         cpct_easytilemaps
     00006FEC  _cpct_keyboardStatusBuffer         cpct_keyboard
     00006FF6  _cpct_etm_drawTileRow2x4           cpct_easytilemaps
     00006FFD  cpct_etm_drawTileRow2x4_asm        cpct_easytilemaps
     00006FFF  dtr_restore_ptileset               cpct_easytilemaps
     00007017  ___sdcc_call_hl                    
     00007018  _cpct_etm_drawTilemap2x4_f         cpct_easytilemaps
     00007044  _cpct_isAnyKeyPressed              cpct_keyboard
     00007044  cpct_isAnyKeyPressed_asm           cpct_keyboard
     00007051  _cpct_waitVSYNC                    cpct_video
     00007051  cpct_waitVSYNC_asm                 cpct_video
     00007059  _cpct_setVideoMode                 cpct_video
     00007067  _cpct_isAnyKeyPressed_f            cpct_keyboard
ASxxxx Linker V03.00 + NoICE + sdld,  page 6.
Hexadecimal  [32-Bits]

Area                                    Addr        Size        Decimal Bytes (Attributes)
--------------------------------        ----        ----        ------- ----- ------------
_CODE                               00004000    00003256 =       12886. bytes (REL,CON)

      Value  Global                              Global Defined In Module
      -----  --------------------------------   ------------------------
     00007067  cpct_isAnyKeyPressed_f_asm         cpct_keyboard
     00007082  _cpct_memset                       cpct_memutils
     00007090  _cpct_disableFirmware              cpct_firmware
     00007090  _cpct_removeInterruptHandler       cpct_firmware
     00007090  cpct_disableFirmware_asm           cpct_firmware
     00007090  cpct_removeInterruptHandler_asm    cpct_firmware
     000070A0  _cpct_drawSolidBox                 cpct_sprites
     00007147  cpct_drawTileAligned2x4_f_asm      cpct_sprites
     00007168  __modschar                         
     00007175  __modsint                          
     00007181  _cpct_mode_rom_status              cpct_firmware
     00007182  _cpct_setDrawCharM0                cpct_strings
     000071A7  _cpct_getScreenPtr                 cpct_video
     000071BD  __divsint                          
     000071C6  __divschar                         
     000071CD  __div8                             
     000071D1  __div_signexte                     
     000071D5  __div16                            
     000071FB  __get_remainder                    
     00007205  __divuint                          
     0000720D  __divuchar                         
     00007214  __divu8                            
     00007217  __divu16                           
     00007246  dc_mode0_ct                        cpct_strings

ASxxxx Linker V03.00 + NoICE + sdld,  page 7.
Hexadecimal  [32-Bits]

Area                                    Addr        Size        Decimal Bytes (Attributes)
--------------------------------        ----        ----        ------- ----- ------------
_DATA                               00007256    0000030F =         783. bytes (REL,CON)

      Value  Global                              Global Defined In Module
      -----  --------------------------------   ------------------------
     00007256  _is_controling                     autoplay
     00007257  _pvmem                             background
     00007259  _balls                             balls
     0000726E  _serving                           balls
     0000726F  _p_block_v_mem                     blocks
     00007271  _min_x                             blocks
     00007272  _min_y                             blocks
     00007273  _max_x                             blocks
     00007274  _max_y                             blocks
     00007275  _block_meta                        blocks
     0000754D  _scene_game                        game
     00007553  _current_state                     game
     00007554  _current_level_num                 game
     00007555  _lives_left                        game
     00007556  _current_level                     globals
     00007558  _key_left_is_pressed               keys
     00007559  _key_right_is_pressed              keys
     0000755A  _key_serve_is_pressed              keys
     0000755B  _key_auto_is_pressed               keys
     0000755C  _key_any_is_pressed                keys
     0000755D  _scene_menu                        menu
     00007563  _loop_counter                      menu
     00007564  _current_ink                       menu

ASxxxx Linker V03.00 + NoICE + sdld,  page 8.
Hexadecimal  [32-Bits]

Area                                    Addr        Size        Decimal Bytes (Attributes)
--------------------------------        ----        ----        ------- ----- ------------
_INITIALIZED                        00007565    00000004 =           4. bytes (REL,CON)

      Value  Global                              Global Defined In Module
      -----  --------------------------------   ------------------------
     00007565  _batY                              bat
     00007566  _batX                              bat
     00007567  _oldBatX                           bat
     00007568  _batW                              bat

ASxxxx Linker V03.00 + NoICE + sdld,  page 9.
Hexadecimal  [32-Bits]

Area                                    Addr        Size        Decimal Bytes (Attributes)
--------------------------------        ----        ----        ------- ----- ------------
_INITIALIZER                        00007569    00000004 =           4. bytes (REL,CON)

      Value  Global                              Global Defined In Module
      -----  --------------------------------   ------------------------
ASxxxx Linker V03.00 + NoICE + sdld,  page 10.

Files Linked                              [ module(s) ]

obj/map/level-02-blocks.rel               [ level_02_blocks ]
obj/map/level-02-background.rel           [ level_02_background ]
obj/map/level-01-blocks.rel               [ level_01_blocks ]
obj/map/level-01-background.rel           [ level_01_background ]
obj/map/tiles.rel                         [ tiles ]
obj/sprites/annoyed.rel                   [ annoyed ]
obj/sprites/ball.rel                      [ ball ]
obj/sprites/bat-right.rel                 [ bat_right ]
obj/sprites/bat-mid.rel                   [ bat_mid ]
obj/sprites/bat-left.rel                  [ bat_left ]
obj/sprites/g_palette.rel                 [ g_palette ]
obj/autoplay.rel                          [ autoplay ]
obj/background.rel                        [ background ]
obj/balls.rel                             [ balls ]
obj/bat.rel                               [ bat ]
obj/blocks.rel                            [ blocks ]
obj/debug.rel                             [ debug ]
obj/game.rel                              [ game ]
obj/globals.rel                           [ globals ]
obj/keys.rel                              [ keys ]
obj/level.rel                             [ level ]
obj/main.rel                              [ main ]
obj/menu.rel                              [ menu ]


Libraries Linked                          [ object file ]

/home/davidb/git/cpctelera/cpctelera/cpctelera.lib
                                          [ cpct_setPalette_cbindings.rel ]
/home/davidb/git/cpctelera/cpctelera/cpctelera.lib
                                          [ cpct_isKeyPressed.rel ]
/home/davidb/git/cpctelera/cpctelera/cpctelera.lib
                                          [ cpct_scanKeyboard_f.rel ]
/home/davidb/git/cpctelera/cpctelera/cpctelera.lib
                                          [ cpct_setPALColour_cbindings.rel ]
/home/davidb/git/cpctelera/cpctelera/cpctelera.lib
                                          [ cpct_drawStringM0_cbindings.rel ]
/home/davidb/git/cpctelera/cpctelera/cpctelera.lib
                                          [ cpct_drawCharM0_inner.rel ]
/home/davidb/git/cpctelera/cpctelera/cpctelera.lib
                                          [ cpct_drawSprite_cbindings.rel ]
/home/davidb/git/cpctelera/cpctelera/cpctelera.lib
                                          [ cpct_etm_drawTileBox2x4_cbinding ]
/home/davidb/git/cpctelera/cpctelera/cpctelera.lib
                                          [ cpct_drawCharM0_cbindings.rel ]
/home/davidb/git/cpctelera/cpctelera/cpctelera.lib
                                          [ cpct_etm_setTileset2x4.rel ]
/home/davidb/git/cpctelera/cpctelera/cpctelera.lib
                                          [ keyboard.rel ]
/home/davidb/git/cpctelera/cpctelera/cpctelera.lib
                                          [ cpct_etm_drawTileRow2x4.rel ]
/home/davidb/git/cpctelera/cpctelera/tools/sdcc-3.6.8-r9946/bin/../share/sdcc/lib/z80/z80.lib
                                          [ __sdcc_call_hl.rel ]
/home/davidb/git/cpctelera/cpctelera/cpctelera.lib
                                          [ cpct_etm_drawTilemap2x4_f_cbindi ]
/home/davidb/git/cpctelera/cpctelera/cpctelera.lib
                                          [ cpct_isAnyKeyPressed.rel ]
/home/davidb/git/cpctelera/cpctelera/cpctelera.lib
                                          [ cpct_waitVSYNC.rel ]
/home/davidb/git/cpctelera/cpctelera/cpctelera.lib
                                          [ cpct_setVideoMode_cbindings.rel ]
/home/davidb/git/cpctelera/cpctelera/cpctelera.lib
                                          [ cpct_isAnyKeyPressed_f.rel ]
/home/davidb/git/cpctelera/cpctelera/cpctelera.lib
                                          [ cpct_memset_cbinding.rel ]
/home/davidb/git/cpctelera/cpctelera/cpctelera.lib
                                          [ cpct_removeInterruptHandler.rel ]
/home/davidb/git/cpctelera/cpctelera/cpctelera.lib
                                          [ cpct_drawSolidBox_cbindings.rel ]
/home/davidb/git/cpctelera/cpctelera/cpctelera.lib
                                          [ cpct_drawTileAligned2x4_f_asmbin ]
/home/davidb/git/cpctelera/cpctelera/tools/sdcc-3.6.8-r9946/bin/../share/sdcc/lib/z80/z80.lib
                                          [ modsigned.rel ]
/home/davidb/git/cpctelera/cpctelera/cpctelera.lib
                                          [ cpc_mode_rom_status.rel ]
/home/davidb/git/cpctelera/cpctelera/cpctelera.lib
                                          [ cpct_setDrawCharM0_cbindings.rel ]
/home/davidb/git/cpctelera/cpctelera/cpctelera.lib
                                          [ cpct_getScreenPtr_cbindings.rel ]
/home/davidb/git/cpctelera/cpctelera/tools/sdcc-3.6.8-r9946/bin/../share/sdcc/lib/z80/z80.lib
                                          [ divsigned.rel ]
/home/davidb/git/cpctelera/cpctelera/tools/sdcc-3.6.8-r9946/bin/../share/sdcc/lib/z80/z80.lib
                                          [ divunsigned.rel ]
/home/davidb/git/cpctelera/cpctelera/cpctelera.lib
                                          [ cpct_dc_mode0_ct.rel ]

ASxxxx Linker V03.00 + NoICE + sdld,  page 11.

User Base Address Definitions

_CODE = 0x4000
_DATA = 0x0000

