ASxxxx Linker V03.00 + NoICE + sdld,  page 1.
Hexadecimal  [32-Bits]

Area                                    Addr        Size        Decimal Bytes (Attributes)
--------------------------------        ----        ----        ------- ----- ------------
.  .ABS.                            00000000    00000000 =           0. bytes (ABS,CON)

      Value  Global                              Global Defined In Module
      -----  --------------------------------   ------------------------
     00000000  .__.ABS.                           cpct_strings
     00000000  l__CABS                         
     00000000  l__DABS                         
     00000000  l__GSFINAL                      
     00000000  l__GSINIT                       
     00000000  l__HOME                         
     00000000  s__CABS                         
     00000000  s__DABS                         
     00000004  l__INITIALIZED                  
     00000004  l__INITIALIZER                  
     000004A2  l__DATA                         
     00004000  s__CODE                         
     00004E16  l__CODE                         
     00008E16  s__DATA                         
     000092B8  s__INITIALIZED                  
     000092BC  s__GSFINAL                      
     000092BC  s__GSINIT                       
     000092BC  s__HOME                         
     000092BC  s__INITIALIZER                  

ASxxxx Linker V03.00 + NoICE + sdld,  page 2.
Hexadecimal  [32-Bits]

Area                                    Addr        Size        Decimal Bytes (Attributes)
--------------------------------        ----        ----        ------- ----- ------------
_CODE                               00004000    00004E16 =       19990. bytes (REL,CON)

      Value  Global                              Global Defined In Module
      -----  --------------------------------   ------------------------
     00004000  _g_tilemap_l03_blocks              level_03_blocks
     000042D8  _g_tilemap_l03_background          level_03_background
     000048B4  _g_tilemap_l02_blocks              level_02_blocks
     00004B8C  _g_tilemap_l02_background          level_02_background
     00005168  _g_tilemap_l01_blocks              level_01_blocks
     00005440  _g_tilemap_l01_background          level_01_background
     00005A1C  _g_tilemap_debug_blocks            debug_blocks
     00005CF4  _g_tilemap_debug_background        debug_background
     000062D0  _g_tileset                         tiles
     000063C0  _g_tiles_000                       tiles
     000063C8  _g_tiles_001                       tiles
     000063D0  _g_tiles_002                       tiles
     000063D8  _g_tiles_003                       tiles
     000063E0  _g_tiles_004                       tiles
     000063E8  _g_tiles_005                       tiles
     000063F0  _g_tiles_006                       tiles
     000063F8  _g_tiles_007                       tiles
     00006400  _g_tiles_008                       tiles
     00006408  _g_tiles_009                       tiles
     00006410  _g_tiles_010                       tiles
     00006418  _g_tiles_011                       tiles
     00006420  _g_tiles_012                       tiles
     00006428  _g_tiles_013                       tiles
     00006430  _g_tiles_014                       tiles
     00006438  _g_tiles_015                       tiles
     00006440  _g_tiles_016                       tiles
     00006448  _g_tiles_017                       tiles
     00006450  _g_tiles_018                       tiles
     00006458  _g_tiles_019                       tiles
     00006460  _g_tiles_020                       tiles
     00006468  _g_tiles_021                       tiles
     00006470  _g_tiles_022                       tiles
     00006478  _g_tiles_023                       tiles
     00006480  _g_tiles_024                       tiles
     00006488  _g_tiles_025                       tiles
     00006490  _g_tiles_026                       tiles
     00006498  _g_tiles_027                       tiles
     000064A0  _g_tiles_028                       tiles
     000064A8  _g_tiles_029                       tiles
     000064B0  _g_tiles_030                       tiles
     000064B8  _g_tiles_031                       tiles
     000064C0  _g_tiles_032                       tiles
     000064C8  _g_tiles_033                       tiles
     000064D0  _g_tiles_034                       tiles
     000064D8  _g_tiles_035                       tiles
     000064E0  _g_tiles_036                       tiles
     000064E8  _g_tiles_037                       tiles
     000064F0  _g_tiles_038                       tiles
     000064F8  _g_tiles_039                       tiles
     00006500  _g_tiles_040                       tiles
ASxxxx Linker V03.00 + NoICE + sdld,  page 3.
Hexadecimal  [32-Bits]

Area                                    Addr        Size        Decimal Bytes (Attributes)
--------------------------------        ----        ----        ------- ----- ------------
_CODE                               00004000    00004E16 =       19990. bytes (REL,CON)

      Value  Global                              Global Defined In Module
      -----  --------------------------------   ------------------------
     00006508  _g_tiles_041                       tiles
     00006510  _g_tiles_042                       tiles
     00006518  _g_tiles_043                       tiles
     00006520  _g_tiles_044                       tiles
     00006528  _g_tiles_045                       tiles
     00006530  _g_tiles_046                       tiles
     00006538  _g_tiles_047                       tiles
     00006540  _g_tiles_048                       tiles
     00006548  _g_tiles_049                       tiles
     00006550  _g_tiles_050                       tiles
     00006558  _g_tiles_051                       tiles
     00006560  _g_tiles_052                       tiles
     00006568  _g_tiles_053                       tiles
     00006570  _g_tiles_054                       tiles
     00006578  _g_tiles_055                       tiles
     00006580  _g_tiles_056                       tiles
     00006588  _g_tiles_057                       tiles
     00006590  _g_tiles_058                       tiles
     00006598  _g_tiles_059                       tiles
     000065A0  _g_tiles_060                       tiles
     000065A8  _g_tiles_061                       tiles
     000065B0  _g_tiles_062                       tiles
     000065B8  _g_tiles_063                       tiles
     000065C0  _g_tiles_064                       tiles
     000065C8  _g_tiles_065                       tiles
     000065D0  _g_tiles_066                       tiles
     000065D8  _g_tiles_067                       tiles
     000065E0  _g_tiles_068                       tiles
     000065E8  _g_tiles_069                       tiles
     000065F0  _g_tiles_070                       tiles
     000065F8  _g_tiles_071                       tiles
     00006600  _g_tiles_072                       tiles
     00006608  _g_tiles_073                       tiles
     00006610  _g_tiles_074                       tiles
     00006618  _g_tiles_075                       tiles
     00006620  _g_tiles_076                       tiles
     00006628  _g_tiles_077                       tiles
     00006630  _g_tiles_078                       tiles
     00006638  _g_tiles_079                       tiles
     00006640  _g_tiles_080                       tiles
     00006648  _g_tiles_081                       tiles
     00006650  _g_tiles_082                       tiles
     00006658  _g_tiles_083                       tiles
     00006660  _g_tiles_084                       tiles
     00006668  _g_tiles_085                       tiles
     00006670  _g_tiles_086                       tiles
     00006678  _g_tiles_087                       tiles
     00006680  _g_tiles_088                       tiles
     00006688  _g_tiles_089                       tiles
     00006690  _g_tiles_090                       tiles
     00006698  _g_tiles_091                       tiles
ASxxxx Linker V03.00 + NoICE + sdld,  page 4.
Hexadecimal  [32-Bits]

Area                                    Addr        Size        Decimal Bytes (Attributes)
--------------------------------        ----        ----        ------- ----- ------------
_CODE                               00004000    00004E16 =       19990. bytes (REL,CON)

      Value  Global                              Global Defined In Module
      -----  --------------------------------   ------------------------
     000066A0  _g_tiles_092                       tiles
     000066A8  _g_tiles_093                       tiles
     000066B0  _g_tiles_094                       tiles
     000066B8  _g_tiles_095                       tiles
     000066C0  _g_tiles_096                       tiles
     000066C8  _g_tiles_097                       tiles
     000066D0  _g_tiles_098                       tiles
     000066D8  _g_tiles_099                       tiles
     000066E0  _g_tiles_100                       tiles
     000066E8  _g_tiles_101                       tiles
     000066F0  _g_tiles_102                       tiles
     000066F8  _g_tiles_103                       tiles
     00006700  _g_tiles_104                       tiles
     00006708  _g_tiles_105                       tiles
     00006710  _g_tiles_106                       tiles
     00006718  _g_tiles_107                       tiles
     00006720  _g_tiles_108                       tiles
     00006728  _g_tiles_109                       tiles
     00006730  _g_tiles_110                       tiles
     00006738  _g_tiles_111                       tiles
     00006740  _g_tiles_112                       tiles
     00006748  _g_tiles_113                       tiles
     00006750  _g_tiles_114                       tiles
     00006758  _g_tiles_115                       tiles
     00006760  _g_tiles_116                       tiles
     00006768  _g_tiles_117                       tiles
     00006770  _g_tiles_118                       tiles
     00006778  _g_tiles_119                       tiles
     00006780  _sp_font_00                        font
     00006790  _sp_font_01                        font
     000067A0  _sp_font_02                        font
     000067B0  _sp_font_03                        font
     000067C0  _sp_font_04                        font
     000067D0  _sp_font_05                        font
     000067E0  _sp_font_06                        font
     000067F0  _sp_font_07                        font
     00006800  _sp_font_08                        font
     00006810  _sp_font_09                        font
     00006820  _sp_font_10                        font
     00006830  _sp_font_11                        font
     00006840  _sp_font_12                        font
     00006850  _sp_font_13                        font
     00006860  _sp_font_14                        font
     00006870  _sp_font_15                        font
     00006880  _sp_font_16                        font
     00006890  _sp_font_17                        font
     000068A0  _sp_font_18                        font
     000068B0  _sp_font_19                        font
     000068C0  _sp_font_20                        font
     000068D0  _sp_font_21                        font
     000068E0  _sp_font_22                        font
ASxxxx Linker V03.00 + NoICE + sdld,  page 5.
Hexadecimal  [32-Bits]

Area                                    Addr        Size        Decimal Bytes (Attributes)
--------------------------------        ----        ----        ------- ----- ------------
_CODE                               00004000    00004E16 =       19990. bytes (REL,CON)

      Value  Global                              Global Defined In Module
      -----  --------------------------------   ------------------------
     000068F0  _sp_font_23                        font
     00006900  _sp_font_24                        font
     00006910  _sp_font_25                        font
     00006920  _sp_font_26                        font
     00006930  _sp_font_27                        font
     00006940  _sp_font_28                        font
     00006950  _sp_font_29                        font
     00006960  _sp_font_30                        font
     00006970  _sp_font_31                        font
     00006980  _sp_font_32                        font
     00006990  _sp_font_33                        font
     000069A0  _sp_font_34                        font
     000069B0  _sp_font_35                        font
     000069C0  _sp_font_36                        font
     000069D0  _sp_font_37                        font
     000069E0  _sp_font_38                        font
     000069F0  _sp_font_39                        font
     00006A00  _sp_font_40                        font
     00006A10  _sp_life                           life_marker
     00006A2E  _sp_logo                           annoyed
     00007433  _sp_bat_mid                        bat_mid
     00007443  _g_palette                         g_palette
     00007453  _auto_initialize                   autoplay
     00007459  _auto_update                       autoplay
     000074C0  _background_initialize             background
     000074E7  _background_bounce_ball            background
     00007526  _background_restore_world_coords   background
     000075B1  _background_restore_tiles_exact    background
     000075E0  _background_debug_box_wc           background
     0000765E  _balls_initialize                  balls
     0000766F  _balls_update                      balls
     000076A2  _balls_restore_background          balls
     000076FC  _balls_draw                        balls
     00007751  _balls_get_first_active            balls
     00007785  _initialize_balls                  balls
     000077D6  _center_ball                       balls
     00007840  _handle_serve                      balls
     0000788C  _update_ball                       balls
     000079CB  _bat_initialize                    bat
     000079E0  _bat_update                        bat
     00007A22  _bat_restore_background            bat
     00007A42  _bat_draw                          bat
     00007A9D  _bat_bounce_ball                   bat
     00007B50  _blocks_initialize                 blocks
     00007B5F  _blocks_draw                       blocks
     00007B60  _blocks_restore_background         blocks
     00007B61  _blocks_bounce_ball                blocks
     00007C39  _is_ball_colliding_with_block      blocks
     00007CE3  _get_metaData_at                   blocks
     00007D6B  _draw_current_blocks               blocks
     00007DF3  _map_blocks_to_meta                blocks
ASxxxx Linker V03.00 + NoICE + sdld,  page 6.
Hexadecimal  [32-Bits]

Area                                    Addr        Size        Decimal Bytes (Attributes)
--------------------------------        ----        ----        ------- ----- ------------
_CODE                               00004000    00004E16 =       19990. bytes (REL,CON)

      Value  Global                              Global Defined In Module
      -----  --------------------------------   ------------------------
     00007FC4  _plant_tile_meta                   blocks
     00008033  _dbg_displayNumber                 debug
     000080F4  _game_initialize                   game
     0000810C  _game_draw                         game
     00008112  _game_update                       game
     00008153  _module_game_initialize            game
     00008166  _initialise_level                  game
     0000817E  _level_definitions                 globals
     00008190  _hud_initialize                    hud
     000081D4  _hud_continue_from_death           hud
     000081DD  _hud_update                        hud
     000081FA  _hud_restore_background            hud
     000081FB  _hud_draw                          hud
     00008209  _hud_initialize_internal           hud
     00008298  _hud_initialize_static_text        hud
     000082E2  _hud_draw_score_with_added_last_   hud
     00008369  _hud_draw_lives                    hud
     000083ED  _keys_initialize                   keys
     000083F0  _keys_resetAllKeys                 keys
     0000840A  _keys_update                       keys
     0000848C  _level_initialize                  level
     00008494  _level_continue_from_death         level
     0000849D  _level_draw                        level
     000084AF  _level_update                      level
     000084FE  _level_initialize_internal         level
     00008526  _initializeCpc                     main
     00008541  _main                              main
     00008561  _play_scene                        main
     000085B9  _sp_masked_bat_left                masked_sprites
     000085D9  _sp_masked_bat_right               masked_sprites
     000085F9  _sp_masked_ball                    masked_sprites
     0000861D  _menu_initialize                   menu
     0000864B  _menu_draw                         menu
     0000864C  _menu_update                       menu
     0000865C  _module_menu_initialize            menu
     0000866F  _write_text                        menu
     000087BA  _text_write_centered_string        text
     000087EE  _text_write_string                 text
     000088FF  __divuint                          
     00008907  __divuchar                         
     0000890E  __divu8                            
     00008911  __divu16                           
     00008940  _cpct_setPalette                   cpct_video
     00008957  _cpct_isKeyPressed                 cpct_keyboard
     00008957  cpct_isKeyPressed_asm              cpct_keyboard
     00008963  _cpct_scanKeyboard_f               cpct_keyboard
     00008963  cpct_scanKeyboard_f_asm            cpct_keyboard
     000089CD  _cpct_setPALColour                 cpct_video
     000089D9  _cpct_drawSprite                   cpct_sprites
     00008A7E  _cpct_etm_drawTileBox2x4           cpct_easytilemaps
     00008B0D  __moduchar                         
ASxxxx Linker V03.00 + NoICE + sdld,  page 7.
Hexadecimal  [32-Bits]

Area                                    Addr        Size        Decimal Bytes (Attributes)
--------------------------------        ----        ----        ------- ----- ------------
_CODE                               00004000    00004E16 =       19990. bytes (REL,CON)

      Value  Global                              Global Defined In Module
      -----  --------------------------------   ------------------------
     00008B19  __moduint                          
     00008B24  _cpct_drawCharM0                   cpct_strings
     00008B47  _cpct_etm_setTileset2x4            cpct_easytilemaps
     00008B47  cpct_etm_setTileset2x4_asm         cpct_easytilemaps
     00008B4B  _cpct_keyboardStatusBuffer         cpct_keyboard
     00008B55  _cpct_etm_drawTileRow2x4           cpct_easytilemaps
     00008B5C  cpct_etm_drawTileRow2x4_asm        cpct_easytilemaps
     00008B5E  dtr_restore_ptileset               cpct_easytilemaps
     00008B76  _cpct_drawSpriteMasked             cpct_sprites
     00008BA5  ___sdcc_call_hl                    
     00008BA6  _cpct_etm_drawTilemap2x4_f         cpct_easytilemaps
     00008BD2  _cpct_isAnyKeyPressed              cpct_keyboard
     00008BD2  cpct_isAnyKeyPressed_asm           cpct_keyboard
     00008BDF  _cpct_waitVSYNC                    cpct_video
     00008BDF  cpct_waitVSYNC_asm                 cpct_video
     00008BE7  _cpct_setVideoMode                 cpct_video
     00008BF5  _cpct_isAnyKeyPressed_f            cpct_keyboard
     00008BF5  cpct_isAnyKeyPressed_f_asm         cpct_keyboard
     00008C10  _cpct_memset                       cpct_memutils
     00008C1E  _strlen                            
     00008C2D  _cpct_disableFirmware              cpct_firmware
     00008C2D  _cpct_removeInterruptHandler       cpct_firmware
     00008C2D  cpct_disableFirmware_asm           cpct_firmware
     00008C2D  cpct_removeInterruptHandler_asm    cpct_firmware
     00008C3D  _cpct_drawSolidBox                 cpct_sprites
     00008CE4  cpct_drawTileAligned2x4_f_asm      cpct_sprites
     00008D05  __modschar                         
     00008D12  __modsint                          
     00008D1E  _cpct_mode_rom_status              cpct_firmware
     00008D1F  _cpct_setDrawCharM0                cpct_strings
     00008D44  _cpct_getScreenPtr                 cpct_video
     00008D5A  __divsint                          
     00008D63  __divschar                         
     00008D6A  __div8                             
     00008D6E  __div_signexte                     
     00008D72  __div16                            
     00008D98  __get_remainder                    
     00008DA2  cpct_drawCharM0_inner_asm          cpct_strings
     00008E02  dc_2pxtableM0                      cpct_strings
     00008E06  dc_mode0_ct                        cpct_strings
ASxxxx Linker V03.00 + NoICE + sdld,  page 8.
Hexadecimal  [32-Bits]

Area                                    Addr        Size        Decimal Bytes (Attributes)
--------------------------------        ----        ----        ------- ----- ------------
_DATA                               00008E16    000004A2 =        1186. bytes (REL,CON)

      Value  Global                              Global Defined In Module
      -----  --------------------------------   ------------------------
     00008E16  _is_controling                     autoplay
     00008E17  _pvmem                             background
     00008E19  _all_balls                         balls
     00008E40  _serving                           balls
     00008E41  _block_meta                        blocks
     00009285  _blocks_remaining                  blocks
     00009287  _scene_game                        game
     0000928D  _current_state                     game
     0000928E  _current_level_num                 game
     0000928F  _lives_left                        game
     00009290  _current_score                     game
     00009292  _high_score                        game
     00009294  _current_level                     globals
     00009296  _displayed_score                   hud
     00009298  _digits                            hud
     000092AC  _key_left_is_pressed               keys
     000092AD  _key_right_is_pressed              keys
     000092AE  _key_serve_is_pressed              keys
     000092AF  _key_auto_is_pressed               keys
     000092B0  _key_any_is_pressed                keys
     000092B1  _key_pause_is_pressed              keys
     000092B2  _scene_menu                        menu

ASxxxx Linker V03.00 + NoICE + sdld,  page 9.
Hexadecimal  [32-Bits]

Area                                    Addr        Size        Decimal Bytes (Attributes)
--------------------------------        ----        ----        ------- ----- ------------
_INITIALIZED                        000092B8    00000004 =           4. bytes (REL,CON)

      Value  Global                              Global Defined In Module
      -----  --------------------------------   ------------------------
     000092B8  _batY                              bat
     000092B9  _batX                              bat
     000092BA  _oldBatX                           bat
     000092BB  _batW                              bat

ASxxxx Linker V03.00 + NoICE + sdld,  page 10.
Hexadecimal  [32-Bits]

Area                                    Addr        Size        Decimal Bytes (Attributes)
--------------------------------        ----        ----        ------- ----- ------------
_INITIALIZER                        000092BC    00000004 =           4. bytes (REL,CON)

      Value  Global                              Global Defined In Module
      -----  --------------------------------   ------------------------
ASxxxx Linker V03.00 + NoICE + sdld,  page 11.

Files Linked                              [ module(s) ]

obj/map/level-03-blocks.rel               [ level_03_blocks ]
obj/map/level-03-background.rel           [ level_03_background ]
obj/map/level-02-blocks.rel               [ level_02_blocks ]
obj/map/level-02-background.rel           [ level_02_background ]
obj/map/level-01-blocks.rel               [ level_01_blocks ]
obj/map/level-01-background.rel           [ level_01_background ]
obj/map/debug-blocks.rel                  [ debug_blocks ]
obj/map/debug-background.rel              [ debug_background ]
obj/map/tiles.rel                         [ tiles ]
obj/sprites/font.rel                      [ font ]
obj/sprites/life-marker.rel               [ life_marker ]
obj/sprites/annoyed.rel                   [ annoyed ]
obj/sprites/bat-mid.rel                   [ bat_mid ]
obj/sprites/g_palette.rel                 [ g_palette ]
obj/autoplay.rel                          [ autoplay ]
obj/background.rel                        [ background ]
obj/balls.rel                             [ balls ]
obj/bat.rel                               [ bat ]
obj/blocks.rel                            [ blocks ]
obj/debug.rel                             [ debug ]
obj/game.rel                              [ game ]
obj/globals.rel                           [ globals ]
obj/hud.rel                               [ hud ]
obj/keys.rel                              [ keys ]
obj/level.rel                             [ level ]
obj/main.rel                              [ main ]
obj/masked-sprites.rel                    [ masked_sprites ]
obj/menu.rel                              [ menu ]
obj/text.rel                              [ text ]


Libraries Linked                          [ object file ]

/home/davidb/Git/cpctelera/cpctelera/tools/sdcc-3.6.8-r9946/bin/../share/sdcc/lib/z80/z80.lib
                                          [ divunsigned.rel ]
/home/davidb/Git/cpctelera/cpctelera/cpctelera.lib
                                          [ cpct_setPalette_cbindings.rel ]
/home/davidb/Git/cpctelera/cpctelera/cpctelera.lib
                                          [ cpct_isKeyPressed.rel ]
/home/davidb/Git/cpctelera/cpctelera/cpctelera.lib
                                          [ cpct_scanKeyboard_f.rel ]
/home/davidb/Git/cpctelera/cpctelera/cpctelera.lib
                                          [ cpct_setPALColour_cbindings.rel ]
/home/davidb/Git/cpctelera/cpctelera/cpctelera.lib
                                          [ cpct_drawSprite_cbindings.rel ]
/home/davidb/Git/cpctelera/cpctelera/cpctelera.lib
                                          [ cpct_etm_drawTileBox2x4_cbinding ]
/home/davidb/Git/cpctelera/cpctelera/tools/sdcc-3.6.8-r9946/bin/../share/sdcc/lib/z80/z80.lib
                                          [ modunsigned.rel ]
/home/davidb/Git/cpctelera/cpctelera/cpctelera.lib
                                          [ cpct_drawCharM0_cbindings.rel ]
/home/davidb/Git/cpctelera/cpctelera/cpctelera.lib
                                          [ cpct_etm_setTileset2x4.rel ]
/home/davidb/Git/cpctelera/cpctelera/cpctelera.lib
                                          [ keyboard.rel ]
/home/davidb/Git/cpctelera/cpctelera/cpctelera.lib
                                          [ cpct_etm_drawTileRow2x4.rel ]
/home/davidb/Git/cpctelera/cpctelera/cpctelera.lib
                                          [ cpct_drawSpriteMasked_cbindings. ]
/home/davidb/Git/cpctelera/cpctelera/tools/sdcc-3.6.8-r9946/bin/../share/sdcc/lib/z80/z80.lib
                                          [ __sdcc_call_hl.rel ]
/home/davidb/Git/cpctelera/cpctelera/cpctelera.lib
                                          [ cpct_etm_drawTilemap2x4_f_cbindi ]
/home/davidb/Git/cpctelera/cpctelera/cpctelera.lib
                                          [ cpct_isAnyKeyPressed.rel ]
/home/davidb/Git/cpctelera/cpctelera/cpctelera.lib
                                          [ cpct_waitVSYNC.rel ]
/home/davidb/Git/cpctelera/cpctelera/cpctelera.lib
                                          [ cpct_setVideoMode_cbindings.rel ]
/home/davidb/Git/cpctelera/cpctelera/cpctelera.lib
                                          [ cpct_isAnyKeyPressed_f.rel ]
/home/davidb/Git/cpctelera/cpctelera/cpctelera.lib
                                          [ cpct_memset_cbinding.rel ]
/home/davidb/Git/cpctelera/cpctelera/tools/sdcc-3.6.8-r9946/bin/../share/sdcc/lib/z80/z80.lib
                                          [ strlen.rel ]
/home/davidb/Git/cpctelera/cpctelera/cpctelera.lib
                                          [ cpct_removeInterruptHandler.rel ]
/home/davidb/Git/cpctelera/cpctelera/cpctelera.lib
                                          [ cpct_drawSolidBox_cbindings.rel ]
/home/davidb/Git/cpctelera/cpctelera/cpctelera.lib
                                          [ cpct_drawTileAligned2x4_f_asmbin ]
/home/davidb/Git/cpctelera/cpctelera/tools/sdcc-3.6.8-r9946/bin/../share/sdcc/lib/z80/z80.lib
                                          [ modsigned.rel ]
/home/davidb/Git/cpctelera/cpctelera/cpctelera.lib
                                          [ cpc_mode_rom_status.rel ]
/home/davidb/Git/cpctelera/cpctelera/cpctelera.lib
                                          [ cpct_setDrawCharM0_cbindings.rel ]
/home/davidb/Git/cpctelera/cpctelera/cpctelera.lib
                                          [ cpct_getScreenPtr_cbindings.rel ]
/home/davidb/Git/cpctelera/cpctelera/tools/sdcc-3.6.8-r9946/bin/../share/sdcc/lib/z80/z80.lib
                                          [ divsigned.rel ]
/home/davidb/Git/cpctelera/cpctelera/cpctelera.lib
                                          [ cpct_drawCharM0_inner.rel ]
/home/davidb/Git/cpctelera/cpctelera/cpctelera.lib
                                          [ cpct_dc_mode0_ct.rel ]

ASxxxx Linker V03.00 + NoICE + sdld,  page 12.

User Base Address Definitions

_CODE = 0x4000
_DATA = 0x0000

